FF                                                                       [100%]
=================================== FAILURES ===================================
___________ test_dummy_status_flows_through_one_real_kernel_snapshot ___________

    def test_dummy_status_flows_through_one_real_kernel_snapshot():
        with Meerk40tBackend(
            profile=_profile("issue59_dummy"),
            ignore_settings=True,
            device="dummy",
        ) as backend:
>           _assert_transport_views_match_snapshot(backend)

cli_anything/meerk40t/tests/test_integration_status.py:80: 
_ _ _ _ _ _ _ _ _ _ _ _ _ _ _ _ _ _ _ _ _ _ _ _ _ _ _ _ _ _ _ _ _ _ _ _ _ _ _ _ 
cli_anything/meerk40t/tests/test_integration_status.py:52: in _assert_transport_views_match_snapshot
    attached = _attach_status(backend)
               ^^^^^^^^^^^^^^^^^^^^^^^
_ _ _ _ _ _ _ _ _ _ _ _ _ _ _ _ _ _ _ _ _ _ _ _ _ _ _ _ _ _ _ _ _ _ _ _ _ _ _ _ 

backend = <cli_anything.meerk40t.utils.meerk40t_backend.Meerk40tBackend object at 0x7f93fc2ca190>

    def _attach_status(backend: Meerk40tBackend) -> dict:
        request_id = uuid.uuid4().hex
        token = encode_request(cmd="status", request_id=request_id)
        lines = backend.run(f"agent {token}")
        frames = [
            json.loads(line[len(FRAME_PREFIX):])
            for line in lines
            if line.startswith(FRAME_PREFIX)
        ]
>       assert frames, f"no attach status frame in {lines!r}"
E       AssertionError: no attach status frame in ['agent eyJ2IjoyLCJyZXF1ZXN0X2lkIjoiM2QwOTk5NTNkMWM3NDU5Nzk4YzQ3MmNiZGRjN2U1YWEiLCJjbWQiOiJzdGF0dXMiLCJtYW5pZmVzdF9iNjQiOm51bGwsImFsbG93X2VzdGltYXRlZCI6ZmFsc2UsInN2Z19iNjQiOm51bGwsImdjb2RlX2I2NCI6bnVsbH0=', '    #CLIA1# {"v":2,"request_id":"3d099953d1c7459798c472cbddc7e5aa","protocol":2,"devices":["Dummy Device"],"active_device":"Dummy Device","serial_port":null,"grbl_state":"unknown","bed":{"width":"320mm","height":"220mm"},"elements":0,"operations":0,"spooler_queue":0}']
E       assert []

cli_anything/meerk40t/tests/test_integration_status.py:28: AssertionError
----------------------------- Captured stdout call -----------------------------
[0m[16:17:11] [34m[1mservice device start dummy 0[0m
[0m[16:17:11] [34m[1mdevinfo[0m
[16:17:11]     0.0,0.0;0.0,0.0;
[0m[16:17:11] [34m[1magent eyJ2IjoyLCJyZXF1ZXN0X2lkIjoiM2QwOTk5NTNkMWM3NDU5Nzk4YzQ3MmNiZGRjN2U1YWEiLCJjbWQiOiJzdGF0dXMiLCJtYW5pZmVzdF9iNjQiOm51bGwsImFsbG93X2VzdGltYXRlZCI6ZmFsc2UsInN2Z19iNjQiOm51bGwsImdjb2RlX2I2NCI6bnVsbH0=[0m
[16:17:11]     #CLIA1# {"v":2,"request_id":"3d099953d1c7459798c472cbddc7e5aa","protocol":2,"devices":["Dummy Device"],"active_device":"Dummy Device","serial_port":null,"grbl_state":"unknown","bed":{"width":"320mm","height":"220mm"},"elements":0,"operations":0,"spooler_queue":0}
____ test_grbl_status_preserves_headless_port_baud_and_attach_normalization ____

    def test_grbl_status_preserves_headless_port_baud_and_attach_normalization():
        with Meerk40tBackend(
            profile=_profile("issue59_grbl"),
            ignore_settings=True,
            device="grbl",
            port="unconfigured",
            baud=115200,
        ) as backend:
            snapshot = MeerK40tIntegration.from_backend(backend).status_snapshot()
            assert snapshot["has_serial_port"] is True
            assert snapshot["has_baud_rate"] is True
            assert snapshot["serial_port"] == "unconfigured"
            assert snapshot["baud"] == 115200
>           _assert_transport_views_match_snapshot(backend)

cli_anything/meerk40t/tests/test_integration_status.py:96: 
_ _ _ _ _ _ _ _ _ _ _ _ _ _ _ _ _ _ _ _ _ _ _ _ _ _ _ _ _ _ _ _ _ _ _ _ _ _ _ _ 
cli_anything/meerk40t/tests/test_integration_status.py:52: in _assert_transport_views_match_snapshot
    attached = _attach_status(backend)
               ^^^^^^^^^^^^^^^^^^^^^^^
_ _ _ _ _ _ _ _ _ _ _ _ _ _ _ _ _ _ _ _ _ _ _ _ _ _ _ _ _ _ _ _ _ _ _ _ _ _ _ _ 

backend = <cli_anything.meerk40t.utils.meerk40t_backend.Meerk40tBackend object at 0x7f93ec806490>

    def _attach_status(backend: Meerk40tBackend) -> dict:
        request_id = uuid.uuid4().hex
        token = encode_request(cmd="status", request_id=request_id)
        lines = backend.run(f"agent {token}")
        frames = [
            json.loads(line[len(FRAME_PREFIX):])
            for line in lines
            if line.startswith(FRAME_PREFIX)
        ]
>       assert frames, f"no attach status frame in {lines!r}"
E       AssertionError: no attach status frame in ['agent eyJ2IjoyLCJyZXF1ZXN0X2lkIjoiYmZmMzhjMTI4ZTcwNDUxMmJlNzY4MTMzY2ZhOWQwM2IiLCJjbWQiOiJzdGF0dXMiLCJtYW5pZmVzdF9iNjQiOm51bGwsImFsbG93X2VzdGltYXRlZCI6ZmFsc2UsInN2Z19iNjQiOm51bGwsImdjb2RlX2I2NCI6bnVsbH0=', '    #CLIA1# {"v":2,"request_id":"bff38c128e704512be768133cfa9d03b","protocol":2,"devices":["grbl"],"active_device":"grbl","serial_port":null,"grbl_state":"unknown","bed":{"width":"235.0mm","height":"235.0mm"},"elements":0,"operations":0,"spooler_queue":0}']
E       assert []

cli_anything/meerk40t/tests/test_integration_status.py:28: AssertionError
----------------------------- Captured stdout call -----------------------------
[0m[16:17:11] [34m[1mservice device start -i grbl 0[0m
[0m[16:17:11] [34m[1mdevinfo[0m
[16:17:11]     0.0,606327.7559055118;0,0;
[0m[16:17:11] [34m[1magent eyJ2IjoyLCJyZXF1ZXN0X2lkIjoiYmZmMzhjMTI4ZTcwNDUxMmJlNzY4MTMzY2ZhOWQwM2IiLCJjbWQiOiJzdGF0dXMiLCJtYW5pZmVzdF9iNjQiOm51bGwsImFsbG93X2VzdGltYXRlZCI6ZmFsc2UsInN2Z19iNjQiOm51bGwsImdjb2RlX2I2NCI6bnVsbH0=[0m
[16:17:11]     #CLIA1# {"v":2,"request_id":"bff38c128e704512be768133cfa9d03b","protocol":2,"devices":["grbl"],"active_device":"grbl","serial_port":null,"grbl_state":"unknown","bed":{"width":"235.0mm","height":"235.0mm"},"elements":0,"operations":0,"spooler_queue":0}
=========================== short test summary info ============================
FAILED cli_anything/meerk40t/tests/test_integration_status.py::test_dummy_status_flows_through_one_real_kernel_snapshot - AssertionError: no attach status frame in ['agent eyJ2IjoyLCJyZXF1ZXN0X2lkIjoiM2QwOTk5NTNkMWM3NDU5Nzk4YzQ3MmNiZGRjN2U1YWEiLCJjbWQiOiJzdGF0dXMiLCJtYW5pZmVzdF9iNjQiOm51bGwsImFsbG93X2VzdGltYXRlZCI6ZmFsc2UsInN2Z19iNjQiOm51bGwsImdjb2RlX2I2NCI6bnVsbH0=', '    #CLIA1# {"v":2,"request_id":"3d099953d1c7459798c472cbddc7e5aa","protocol":2,"devices":["Dummy Device"],"active_device":"Dummy Device","serial_port":null,"grbl_state":"unknown","bed":{"width":"320mm","height":"220mm"},"elements":0,"operations":0,"spooler_queue":0}']
assert []
FAILED cli_anything/meerk40t/tests/test_integration_status.py::test_grbl_status_preserves_headless_port_baud_and_attach_normalization - AssertionError: no attach status frame in ['agent eyJ2IjoyLCJyZXF1ZXN0X2lkIjoiYmZmMzhjMTI4ZTcwNDUxMmJlNzY4MTMzY2ZhOWQwM2IiLCJjbWQiOiJzdGF0dXMiLCJtYW5pZmVzdF9iNjQiOm51bGwsImFsbG93X2VzdGltYXRlZCI6ZmFsc2UsInN2Z19iNjQiOm51bGwsImdjb2RlX2I2NCI6bnVsbH0=', '    #CLIA1# {"v":2,"request_id":"bff38c128e704512be768133cfa9d03b","protocol":2,"devices":["grbl"],"active_device":"grbl","serial_port":null,"grbl_state":"unknown","bed":{"width":"235.0mm","height":"235.0mm"},"elements":0,"operations":0,"spooler_queue":0}']
assert []
2 failed in 0.70s
